// Jest Snapshot v1, https://goo.gl/fbAQLP

exports[`should create a snapshot of the files tree and of the unused exports 1`] = `"{\\"Files tree\\":{\\"test\\":{\\"a\\":{\\"a.js\\":{\\"imports\\":[{\\"location\\":\\"test/b/b.js\\",\\"name\\":\\"test\\",\\"unamedDefault\\":true}],\\"exports\\":[{\\"location\\":\\"test/a/a.js\\",\\"name\\":\\"a\\",\\"unamedDefault\\":false},{\\"location\\":\\"test/a/a.js\\",\\"name\\":\\"c\\",\\"unamedDefault\\":false},{\\"location\\":\\"test/a/a.js\\",\\"name\\":\\"d\\",\\"unamedDefault\\":true}]}},\\"b\\":{\\"b.js\\":{\\"imports\\":[{\\"location\\":\\"test/c/c.js\\",\\"name\\":\\"Cat\\",\\"unamedDefault\\":false},{\\"location\\":\\"test/a/a.js\\",\\"name\\":\\"test\\",\\"unamedDefault\\":true}],\\"exports\\":[{\\"location\\":\\"test/b/b.js\\",\\"name\\":\\"a\\",\\"unamedDefault\\":false},{\\"location\\":\\"test/b/b.js\\",\\"name\\":\\"b\\",\\"unamedDefault\\":false},{\\"location\\":\\"test/b/b.js\\",\\"name\\":\\"default (unamed)\\",\\"unamedDefault\\":true}]}},\\"c\\":{\\"c.js\\":{\\"imports\\":[{\\"location\\":\\"test/a/a.js\\",\\"name\\":\\"a\\",\\"unamedDefault\\":false},{\\"location\\":\\"test/a/a.js\\",\\"name\\":\\"c\\",\\"unamedDefault\\":false},{\\"location\\":\\"test/b/b.js\\",\\"name\\":\\"b\\",\\"unamedDefault\\":false}],\\"exports\\":[{\\"location\\":\\"test/c/c.js\\",\\"name\\":\\"Cat\\",\\"unamedDefault\\":false},{\\"location\\":\\"test/c/c.js\\",\\"name\\":\\"User\\",\\"unamedDefault\\":true}]}}}},\\"Unused exports\\":[{\\"location\\":\\"test/b/b.js\\",\\"name\\":\\"a\\",\\"unamedDefault\\":false},{\\"location\\":\\"test/c/c.js\\",\\"name\\":\\"User\\",\\"unamedDefault\\":true}]}"`;
